   1               		.file	"test.c"
   2               	__SREG__ = 0x3f
   3               	__SP_H__ = 0x3e
   4               	__SP_L__ = 0x3d
   5               	__tmp_reg__ = 0
   6               	__zero_reg__ = 1
   7               		.global __do_copy_data
   8               		.global __do_clear_bss
  11               		.text
  12               	.Ltext0:
  72               		.data
  73               	.LC0:
  74 0000 5465 7374 		.string	"Test 2 "
  74      2032 2000 
  75               		.text
  77               	.global	main
  79               	main:
  80               		.stabd	46,0,0
   1:test.c        **** /**************************************************************************
   2:test.c        ****  *      
   3:test.c        ****  * File: test.c
   4:test.c        ****  *       
   5:test.c        ****  * Author: Philip Graf
   6:test.c        ****  * Created: Nov 22 2011 00:10:30
   7:test.c        ****  * Last Changes: Nov 22 2011 01:11:46
   8:test.c        ****  * Description: Test for my own LCD-Routines
   9:test.c        ****  *            
  10:test.c        ****  *************************************************************************/
  11:test.c        **** 
  12:test.c        **** #include <avr/io.h>
  13:test.c        **** #include "lcd_functions.h"
  14:test.c        **** 
  15:test.c        **** int main(){
  82               	.LM0:
  83               	.LFBB1:
  84               	/* prologue: function */
  85               	/* frame size = 0 */
  86               	/* stack size = 0 */
  87               	.L__stack_usage = 0
  16:test.c        **** 	
  17:test.c        **** 	lcd_init();
  89               	.LM1:
  90 0000 0E94 0000 		call lcd_init
  18:test.c        **** 	
  19:test.c        **** 	lcd_sendString("Test 2 ");
  92               	.LM2:
  93 0004 80E0      		ldi r24,lo8(.LC0)
  94 0006 90E0      		ldi r25,hi8(.LC0)
  95 0008 0E94 0000 		call lcd_sendString
  20:test.c        **** 
  21:test.c        **** 	lcd_clear();
  97               	.LM3:
  98 000c 0E94 0000 		call lcd_clear
  99               	.L2:
 100 0010 00C0      		rjmp .L2
 102               	.Lscope1:
 104               		.stabd	78,0,0
 106               	.Letext0:
DEFINED SYMBOLS
                            *ABS*:0000000000000000 test.c
     /tmp/ccOiQ51S.s:2      *ABS*:000000000000003f __SREG__
     /tmp/ccOiQ51S.s:3      *ABS*:000000000000003e __SP_H__
     /tmp/ccOiQ51S.s:4      *ABS*:000000000000003d __SP_L__
     /tmp/ccOiQ51S.s:5      *ABS*:0000000000000000 __tmp_reg__
     /tmp/ccOiQ51S.s:6      *ABS*:0000000000000001 __zero_reg__
     /tmp/ccOiQ51S.s:79     .text:0000000000000000 main

UNDEFINED SYMBOLS
__do_copy_data
__do_clear_bss
lcd_init
lcd_sendString
lcd_clear
